
> frontend@0.0.0 test
> vitest run --run


[1m[46m RUN [49m[22m [36mv4.0.18 [39m[90mC:/Users/pizzif/Documents/GitHub/poc_medical/frontend[39m

stderr | src/tests/ThreatMap.test.jsx > ThreatMap > renders correctly in nominal state
Received `true` for a non-boolean attribute `jsx`.

If you want to write it to the DOM, pass a string instead: jsx="true" or jsx={value.toString()}.

 [32mÔ£ô[39m src/tests/ThreatMap.test.jsx [2m([22m[2m2 tests[22m[2m)[22m[32m 45[2mms[22m[39m
 [32mÔ£ô[39m src/tests/AIAssistantChat.test.jsx [2m([22m[2m2 tests[22m[2m)[22m[32m 37[2mms[22m[39m
 [32mÔ£ô[39m src/tests/KillSwitch.test.jsx [2m([22m[2m2 tests[22m[2m)[22m[32m 143[2mms[22m[39m
stderr | src/tests/App.test.jsx > App Component - Demo Mode Fallback > renders loading state initially, then falls back to Demo Mode
Backend FastAPI injoignable. Basculement en MODE D├ëMO (Mock).

stderr | src/tests/App.test.jsx > App Component - Demo Mode Fallback > renders loading state initially, then falls back to Demo Mode
Received `true` for a non-boolean attribute `jsx`.

If you want to write it to the DOM, pass a string instead: jsx="true" or jsx={value.toString()}.

stderr | src/tests/App.test.jsx > App Component - Demo Mode Fallback > can open ExplanationModal from Help buttons
Backend FastAPI injoignable. Basculement en MODE D├ëMO (Mock).

 [32mÔ£ô[39m src/tests/App.test.jsx [2m([22m[2m2 tests[22m[2m)[22m[32m 127[2mms[22m[39m
ÔÄ»ÔÄ»ÔÄ»ÔÄ»ÔÄ»ÔÄ» Unhandled Errors ÔÄ»ÔÄ»ÔÄ»ÔÄ»ÔÄ»ÔÄ»

Vitest caught 4 unhandled errors during the test run.
This might cause false positive tests. Resolve unhandled errors to make sure your tests are not affected.

ÔÄ»ÔÄ»ÔÄ»ÔÄ» Unhandled Rejection ÔÄ»ÔÄ»ÔÄ»ÔÄ»ÔÄ»
TypeError: Cannot read properties of undefined (reading 'getVoices')
 ÔØ» src/hooks/useTTS.js:6:45
      4| const getVoices = () => {
      5|     return new Promise(resolve => {
      6|         let voices = window.speechSynthesis.getVoices();
       |                                             ^
      7|         if (voices.length) {
      8|             resolve(voices);
 ÔØ» getVoices src/hooks/useTTS.js:5:12
 ÔØ» src/hooks/useTTS.js:23:9
 ÔØ» Object.react_stack_bottom_frame node_modules/react-dom/cjs/react-dom-client.development.js:25989:20
 ÔØ» runWithFiberInDEV node_modules/react-dom/cjs/react-dom-client.development.js:874:13
 ÔØ» commitHookEffectListMount node_modules/react-dom/cjs/react-dom-client.development.js:13249:29
 ÔØ» commitHookPassiveMountEffects node_modules/react-dom/cjs/react-dom-client.development.js:13336:11
 ÔØ» commitPassiveMountOnFiber node_modules/react-dom/cjs/react-dom-client.development.js:15484:13
 ÔØ» recursivelyTraversePassiveMountEffects node_modules/react-dom/cjs/react-dom-client.development.js:15439:11

This error originated in "src/tests/AIAssistantChat.test.jsx" test file. It doesn't mean the error was thrown inside the file itself, but while it was running.

ÔÄ»ÔÄ»ÔÄ»ÔÄ» Unhandled Rejection ÔÄ»ÔÄ»ÔÄ»ÔÄ»ÔÄ»
TypeError: Cannot read properties of undefined (reading 'getVoices')
 ÔØ» src/hooks/useTTS.js:6:45
      4| const getVoices = () => {
      5|     return new Promise(resolve => {
      6|         let voices = window.speechSynthesis.getVoices();
       |                                             ^
      7|         if (voices.length) {
      8|             resolve(voices);
 ÔØ» getVoices src/hooks/useTTS.js:5:12
 ÔØ» src/hooks/useTTS.js:23:9
 ÔØ» Object.react_stack_bottom_frame node_modules/react-dom/cjs/react-dom-client.development.js:25989:20
 ÔØ» runWithFiberInDEV node_modules/react-dom/cjs/react-dom-client.development.js:874:13
 ÔØ» commitHookEffectListMount node_modules/react-dom/cjs/react-dom-client.development.js:13249:29
 ÔØ» commitHookPassiveMountEffects node_modules/react-dom/cjs/react-dom-client.development.js:13336:11
 ÔØ» commitPassiveMountOnFiber node_modules/react-dom/cjs/react-dom-client.development.js:15484:13
 ÔØ» recursivelyTraversePassiveMountEffects node_modules/react-dom/cjs/react-dom-client.development.js:15439:11

This error originated in "src/tests/AIAssistantChat.test.jsx" test file. It doesn't mean the error was thrown inside the file itself, but while it was running.

ÔÄ»ÔÄ»ÔÄ»ÔÄ» Unhandled Rejection ÔÄ»ÔÄ»ÔÄ»ÔÄ»ÔÄ»
TypeError: Cannot read properties of undefined (reading 'getVoices')
 ÔØ» src/hooks/useTTS.js:6:45
      4| const getVoices = () => {
      5|     return new Promise(resolve => {
      6|         let voices = window.speechSynthesis.getVoices();
       |                                             ^
      7|         if (voices.length) {
      8|             resolve(voices);
 ÔØ» getVoices src/hooks/useTTS.js:5:12
 ÔØ» src/hooks/useTTS.js:23:9
 ÔØ» Object.react_stack_bottom_frame node_modules/react-dom/cjs/react-dom-client.development.js:25989:20
 ÔØ» runWithFiberInDEV node_modules/react-dom/cjs/react-dom-client.development.js:874:13
 ÔØ» commitHookEffectListMount node_modules/react-dom/cjs/react-dom-client.development.js:13249:29
 ÔØ» commitHookPassiveMountEffects node_modules/react-dom/cjs/react-dom-client.development.js:13336:11
 ÔØ» commitPassiveMountOnFiber node_modules/react-dom/cjs/react-dom-client.development.js:15484:13
 ÔØ» recursivelyTraversePassiveMountEffects node_modules/react-dom/cjs/react-dom-client.development.js:15439:11

This error originated in "src/tests/App.test.jsx" test file. It doesn't mean the error was thrown inside the file itself, but while it was running.
The latest test that might've caused the error is "renders loading state initially, then falls back to Demo Mode". It might mean one of the following:
- The error was thrown, while Vitest was running this test.
- If the error occurred after the test had been completed, this was the last documented test before it was thrown.

ÔÄ»ÔÄ»ÔÄ»ÔÄ» Unhandled Rejection ÔÄ»ÔÄ»ÔÄ»ÔÄ»ÔÄ»
TypeError: Cannot read properties of undefined (reading 'getVoices')
 ÔØ» src/hooks/useTTS.js:6:45
      4| const getVoices = () => {
      5|     return new Promise(resolve => {
      6|         let voices = window.speechSynthesis.getVoices();
       |                                             ^
      7|         if (voices.length) {
      8|             resolve(voices);
 ÔØ» getVoices src/hooks/useTTS.js:5:12
 ÔØ» src/hooks/useTTS.js:23:9
 ÔØ» Object.react_stack_bottom_frame node_modules/react-dom/cjs/react-dom-client.development.js:25989:20
 ÔØ» runWithFiberInDEV node_modules/react-dom/cjs/react-dom-client.development.js:874:13
 ÔØ» commitHookEffectListMount node_modules/react-dom/cjs/react-dom-client.development.js:13249:29
 ÔØ» commitHookPassiveMountEffects node_modules/react-dom/cjs/react-dom-client.development.js:13336:11
 ÔØ» commitPassiveMountOnFiber node_modules/react-dom/cjs/react-dom-client.development.js:15484:13
 ÔØ» recursivelyTraversePassiveMountEffects node_modules/react-dom/cjs/react-dom-client.development.js:15439:11

This error originated in "src/tests/App.test.jsx" test file. It doesn't mean the error was thrown inside the file itself, but while it was running.
The latest test that might've caused the error is "can open ExplanationModal from Help buttons". It might mean one of the following:
- The error was thrown, while Vitest was running this test.
- If the error occurred after the test had been completed, this was the last documented test before it was thrown.
ÔÄ»ÔÄ»ÔÄ»ÔÄ»ÔÄ»ÔÄ»ÔÄ»ÔÄ»ÔÄ»ÔÄ»ÔÄ»ÔÄ»ÔÄ»ÔÄ»ÔÄ»ÔÄ»ÔÄ»ÔÄ»ÔÄ»ÔÄ»ÔÄ»ÔÄ»ÔÄ»ÔÄ»ÔÄ»ÔÄ»ÔÄ»ÔÄ»ÔÄ»ÔÄ»


[2m Test Files [22m [1m[32m4 passed[39m[22m[90m (4)[39m
[2m      Tests [22m [1m[32m8 passed[39m[22m[90m (8)[39m
[2m     Errors [22m [1m[31m4 errors[39m[22m
[2m   Start at [22m 04:36:07
[2m   Duration [22m 1.26s[2m (transform 442ms, setup 334ms, import 808ms, tests 352ms, environment 2.31s)[22m

