============================= test session starts =============================
platform win32 -- Python 3.13.7, pytest-9.0.2, pluggy-1.6.0
rootdir: C:\Users\pizzif\Documents\GitHub\poc_medical\backend
plugins: anyio-4.12.1
collected 7 items

tests\test_ai_communication.py ..                                        [ 28%]
tests\test_security.py ...                                               [ 71%]
tests\test_server.py .F                                                  [100%]

================================== FAILURES ===================================
__________________________________ test_root __________________________________

>   ???
E   assert 404 == 200
E    +  where 404 = <Response [404 Not Found]>.status_code

tests\test_server.py:17: AssertionError
=========================== short test summary info ===========================
FAILED tests/test_server.py::test_root - assert 404 == 200
======================== 1 failed, 6 passed in 32.74s =========================
